// Jest Snapshot v1, https://goo.gl/fbAQLP

exports[`maches snapshot 1`] = `
<div
  className="p-3 m-3 bg-white rounded-lg shadow-lg overflow-hidden"
  data-testid="productCard-1"
>
  <img
    alt="Apple"
    className="w-full h-48 object-cover"
    src="https://picsum.photos/id/11/200/300"
  />
  <div
    className="p-4"
  >
    <h3
      className="text-xl font-bold mb-2"
    >
      Apple
    </h3>
    <p
      className="text-gray-600 text-sm"
    >
      Price: $
      1.10
    </p>
    <p
      className="text-gray-600 text-sm"
    >
      Category: 
      Fruits
    </p>
    <a
      href="/products/1"
    >
      <button
        className="mt-2 px-4 py-2 bg-blue-500 hover:bg-blue-600 text-white rounded-full"
      >
        View
      </button>
    </a>
  </div>
</div>
`;
